// Jest Snapshot v1, https://goo.gl/fbAQLP

exports[`should get a snapshot 1`] = `
<DocumentFragment>
  <div
    class="container"
  >
    <div>
      <h2>
        Scoops
      </h2>
      <p>
        2 each
      </p>
      <p>
        Scoops total: $0.00
      </p>
      <div
        class="row"
      />
      <h2>
        Toppings
      </h2>
      <p>
        1.5 each
      </p>
      <p>
        Toppings total: $0.00
      </p>
      <div
        class="row"
      />
    </div>
  </div>
</DocumentFragment>
`;
